This is some custom math.

<math xmlns="http://www.w3.org/1998/Math/MathML" display="block" alttext="x^2">
  <msup>
    <mi>x</mi>
    <mn>2</mn>
  </msup>
</math> + <math xmlns="http://www.w3.org/1998/Math/MathML" display="block" alttext="2x">
  <mn>2</mn>
  <mi>x</mi>
</math> = <math xmlns="http://www.w3.org/1998/Math/MathML" display="block" alttext="x\times (x+2)">
  <mi>x</mi>
  <mo>&#x00D7;<!-- Ã— --></mo>
  <mo stretchy="false">(</mo>
  <mi>x</mi>
  <mo>+</mo>
  <mn>2</mn>
  <mo stretchy="false">)</mo>
</math>
